{
  "inclusion tag": {
    "meta": {
      "file": "./test/fixtures/include.jade"
    },
    "jade": {
      "root": "include 'node'",
      "comment": "  name: inclusion tag\n  description: this is an inclusion tag",
      "block": "include 'node'",
      "type": "include"
    },
    "name": "inclusion tag",
    "description": "this is an inclusion tag",
    "output": ""
  },
  "mixin1": {
    "meta": {
      "file": "./test/fixtures/mixins.jade"
    },
    "jade": {
      "root": "mixin mixin1",
      "comment": "  name: mixin1",
      "block": "mixin mixin1\n  | this is a mixin",
      "type": "mixin"
    },
    "name": "mixin1",
    "output": "this is a mixin"
  },
  "mixin2": {
    "meta": {
      "file": "./test/fixtures/mixins.jade"
    },
    "jade": {
      "root": "mixin mixin2(arg1, arg2)",
      "comment": "  name: mixin2\n  description: this is jade mixin 2 documentation\n  arguments: \n    arg1: foo\n    arg2: faa",
      "block": "mixin mixin2(arg1, arg2)\n  div this is a mixin #{arg1} #{arg2}",
      "type": "mixin"
    },
    "name": "mixin2",
    "description": "this is jade mixin 2 documentation",
    "arguments": {
      "arg1": "foo",
      "arg2": "faa"
    },
    "output": "<div>this is a mixin foo faa</div>"
  },
  "some-node": {
    "meta": {
      "file": "./test/fixtures/node.jade"
    },
    "jade": {
      "root": "div.some-node",
      "comment": "  name: some-node",
      "block": "div.some-node\n  | this is some node",
      "type": "node"
    },
    "name": "some-node",
    "output": "<div class=\"some-node\">this is some node</div>"
  },
  "Only doc": {
    "meta": {
      "file": "./test/fixtures/only-doc.jade"
    },
    "jade": {
      "root": "  name: Only doc",
      "comment": "  name: Only doc",
      "block": "  name: Only doc",
      "type": "standalone-comment"
    },
    "name": "Only doc",
    "output": ""
  }
}