{
  "inclusion tag": {
    "jade": {
      "comment": "    name: inclusion tag\n    description: this is an inclusion tag",
      "type": "include",
      "indent": 2,
      "root": "  include 'node'",
      "code": "  include 'node'\n",
      "file": "./test/fixtures/include.jade"
    },
    "name": "inclusion tag",
    "description": "this is an inclusion tag",
    "html": ""
  }
}