{
  "mixin1": {
    "meta": {
      "file": "./test/fixtures/mixins.jade"
    },
    "jade": {
      "root": "mixin mixin1",
      "comment": "  name: mixin1",
      "block": "mixin mixin1\n  | this is a mixin",
      "type": "mixin"
    },
    "name": "mixin1",
    "output": "this is a mixin"
  },
  "mixin2": {
    "meta": {
      "file": "./test/fixtures/mixins.jade"
    },
    "jade": {
      "root": "mixin mixin2(arg1, arg2)",
      "comment": "  name: mixin2\n  description: this is jade mixin 2 documentation\n  arguments: \n    arg1: foo\n    arg2: faa",
      "block": "mixin mixin2(arg1, arg2)\n  div this is a mixin #{arg1} #{arg2}",
      "type": "mixin"
    },
    "name": "mixin2",
    "description": "this is jade mixin 2 documentation",
    "arguments": {
      "arg1": "foo",
      "arg2": "faa"
    },
    "output": "<div>this is a mixin foo faa</div>"
  }
}