{
  "some-node": {
    "jade": {
      "comment": "  name: some-node",
      "code": "div.some-node\n  | this is some node",
      "indent": 0,
      "type": "node",
      "root": "div.some-node",
      "file": "./test/fixtures/node.jade"
    },
    "name": "some-node",
    "output": "<div class=\"some-node\">this is some node</div>"
  }
}