{
  "Only doc": {
    "jade": {
      "comment": "  name: Only doc",
      "type": "standalone-comment",
      "indent": 0,
      "file": "./test/fixtures/only-doc.jade"
    },
    "name": "Only doc",
    "html": ""
  }
}