{
  "some-tag": {
    "jade": {
      "comment": "  name: some-tag",
      "type": "tag",
      "indent": 0,
      "root": "div.some-tag",
      "code": "div.some-tag\n  | this is some tag",
      "file": "./test/fixtures/tag.jade"
    },
    "name": "some-tag",
    "html": "\n<div class=\"some-tag\">this is some tag</div>"
  }
}